cargo +nightly build --target-dir tgt/arm-exp  --no-default-features --features tokio-probe -Z build-std=core,compiler_builtins,alloc,std,panic_abort -Z json-target-spec --target .cargo/arm.json
warning: unused imports: `Err`, `Ok`, and `self`
 --> vendor/kurbo-0.11.3/src/stroke.rs:8:28
  |
8 | use core::result::Result::{self, Err, Ok};
  |                            ^^^^  ^^^  ^^
  |
  = note: `#[warn(unused_imports)]` (part of `#[warn(unused)]`) on by default

warning: unused import: `alloc::string::String`
 --> vendor/kurbo-0.11.3/src/svg.rs:7:5
  |
7 | use alloc::string::String;
  |     ^^^^^^^^^^^^^^^^^^^^^

warning: `kurbo` (lib) generated 2 warnings (run `cargo fix --lib -p kurbo` to apply 2 suggestions)
warning: unused import: `hash::*`
  --> vendor/simd-adler32-0.3.8/src/lib.rs:98:9
   |
98 | pub use hash::*;
   |         ^^^^^^^
   |
   = note: `#[warn(unused_imports)]` (part of `#[warn(unused)]`) on by default

warning: `simd-adler32` (lib) generated 1 warning (run `cargo fix --lib -p simd-adler32` to apply 1 suggestion)
warning: function `compute_codes` is never used
   --> vendor/fdeflate-0.3.7/src/lib.rs:106:10
    |
106 | const fn compute_codes<const NSYMS: usize>(lengths: &[u8; NSYMS]) -> Option<[u16; NSYMS]> {
    |          ^^^^^^^^^^^^^
    |
    = note: `#[warn(dead_code)]` (part of `#[warn(unused)]`) on by default

warning: constant `HUFFMAN_LENGTHS` is never used
 --> vendor/fdeflate-0.3.7/src/tables.rs:7:18
  |
7 | pub(crate) const HUFFMAN_LENGTHS: [u8; 286] = [
  |                  ^^^^^^^^^^^^^^^

warning: constant `HUFFMAN_CODES` is never used
  --> vendor/fdeflate-0.3.7/src/tables.rs:22:18
   |
22 | pub(crate) const HUFFMAN_CODES: [u16; 286] = match crate::compute_codes(&HUFFMAN_LENGTHS) {
   |                  ^^^^^^^^^^^^^

warning: constant `LENGTH_TO_SYMBOL` is never used
  --> vendor/fdeflate-0.3.7/src/tables.rs:28:18
   |
28 | pub(crate) const LENGTH_TO_SYMBOL: [u16; 256] = [
   |                  ^^^^^^^^^^^^^^^^

warning: constant `LENGTH_TO_LEN_EXTRA` is never used
  --> vendor/fdeflate-0.3.7/src/tables.rs:46:18
   |
46 | pub(crate) const LENGTH_TO_LEN_EXTRA: [u8; 256] = [
   |                  ^^^^^^^^^^^^^^^^^^^

warning: constant `BITMASKS` is never used
  --> vendor/fdeflate-0.3.7/src/tables.rs:57:18
   |
57 | pub(crate) const BITMASKS: [u32; 17] = [
   |                  ^^^^^^^^

warning: unused imports: `boxed::Box` and `string::String`
 --> vendor/usvg-0.45.1/src/parser/mod.rs:4:13
  |
4 | use alloc::{boxed::Box, string::String, vec::Vec};
  |             ^^^^^^^^^^  ^^^^^^^^^^^^^^
  |
  = note: `#[warn(unused_imports)]` (part of `#[warn(unused)]`) on by default

warning: unused import: `boxed::Box`
 --> vendor/usvg-0.45.1/src/parser/filter.rs:6:13
  |
6 | use alloc::{boxed::Box, format, string::{String, ToString}, vec, vec::Vec};
  |             ^^^^^^^^^^

warning: unused import: `string::String`
 --> vendor/usvg-0.45.1/src/parser/marker.rs:4:25
  |
4 | use alloc::{boxed::Box, string::String, vec::Vec};
  |                         ^^^^^^^^^^^^^^

warning: unused imports: `String` and `vec::Vec`
 --> vendor/usvg-0.45.1/src/parser/mask.rs:4:34
  |
4 | use alloc::{boxed::Box, string::{String, ToString}, vec::Vec};
  |                                  ^^^^^^             ^^^^^^^^

warning: unused import: `boxed::Box`
 --> vendor/usvg-0.45.1/src/parser/options.rs:4:13
  |
4 | use alloc::{boxed::Box, string::{String, ToString}, vec, vec::Vec};
  |             ^^^^^^^^^^

warning: unused import: `String`
 --> vendor/usvg-0.45.1/src/parser/paint_server.rs:4:34
  |
4 | use alloc::{boxed::Box, string::{String, ToString}, vec::Vec};
  |                                  ^^^^^^

warning: unused imports: `boxed::Box` and `string::String`
 --> vendor/usvg-0.45.1/src/parser/style.rs:4:13
  |
4 | use alloc::{boxed::Box, string::String, vec::Vec};
  |             ^^^^^^^^^^  ^^^^^^^^^^^^^^

warning: unused import: `boxed::Box`
 --> vendor/usvg-0.45.1/src/parser/svgtree/mod.rs:4:13
  |
4 | use alloc::{boxed::Box, string::String, vec::Vec};
  |             ^^^^^^^^^^

warning: unused imports: `String` and `boxed::Box`
 --> vendor/usvg-0.45.1/src/parser/svgtree/parse.rs:4:13
  |
4 | use alloc::{boxed::Box, string::{String, ToString}, vec::Vec};
  |             ^^^^^^^^^^           ^^^^^^

warning: unused import: `boxed::Box`
 --> vendor/usvg-0.45.1/src/parser/svgtree/text.rs:6:13
  |
6 | use alloc::{boxed::Box, string::String, vec::Vec};
  |             ^^^^^^^^^^

warning: unused imports: `string::String` and `vec::Vec`
 --> vendor/usvg-0.45.1/src/parser/switch.rs:4:25
  |
4 | use alloc::{boxed::Box, string::String, vec::Vec};
  |                         ^^^^^^^^^^^^^^  ^^^^^^^^

warning: unused imports: `boxed::Box` and `string::String`
 --> vendor/usvg-0.45.1/src/parser/units.rs:4:13
  |
4 | use alloc::{boxed::Box, string::String, vec::Vec};
  |             ^^^^^^^^^^  ^^^^^^^^^^^^^^

warning: unused import: `vec::Vec`
 --> vendor/usvg-0.45.1/src/parser/use_node.rs:4:53
  |
4 | use alloc::{boxed::Box, string::{String, ToString}, vec::Vec};
  |                                                     ^^^^^^^^

warning: unused imports: `AId` and `EId`
  --> vendor/usvg-0.45.1/src/parser/mod.rs:25:26
   |
25 | pub(crate) use svgtree::{AId, EId};
   |                          ^^^  ^^^

warning: unused import: `boxed::Box`
 --> vendor/usvg-0.45.1/src/tree/filter.rs:6:13
  |
6 | use alloc::{boxed::Box, string::String, vec, vec::Vec};
  |             ^^^^^^^^^^

warning: variant `SVG` is never constructed
   --> vendor/usvg-0.45.1/src/parser/image.rs:107:5
    |
102 | enum ImageFormat {
    |      ----------- variant in this enum
...
107 |     SVG,
    |     ^^^
    |
    = note: `ImageFormat` has derived impls for the traits `Debug` and `Clone`, but these are intentionally ignored during dead code analysis
    = note: `#[warn(dead_code)]` (part of `#[warn(unused)]`) on by default

warning: missing documentation for a trait
  --> vendor/usvg-0.45.1/src/tree/mod.rs:13:1
   |
13 | pub trait ApproxEqUlps {
   | ^^^^^^^^^^^^^^^^^^^^^^
   |
note: the lint level is defined here
  --> vendor/usvg-0.45.1/src/lib.rs:50:9
   |
50 | #![warn(missing_docs)]
   |         ^^^^^^^^^^^^

warning: missing documentation for a method
  --> vendor/usvg-0.45.1/src/tree/mod.rs:14:5
   |
14 |     fn approx_eq_ulps(&self, other: &Self, ulps: i32) -> bool;
   |     ^^^^^^^^^^^^^^^^^^^^^^^^^^^^^^^^^^^^^^^^^^^^^^^^^^^^^^^^^^

warning: missing documentation for a method
  --> vendor/usvg-0.45.1/src/tree/mod.rs:17:5
   |
17 |     fn approx_ne_ulps(&self, other: &Self, ulps: i32) -> bool {
   |     ^^^^^^^^^^^^^^^^^^^^^^^^^^^^^^^^^^^^^^^^^^^^^^^^^^^^^^^^^

warning: unused imports: `cos` and `floor`
 --> crates/trueos-weather/src/helper.rs:4:18
  |
4 | use libm::{acos, cos, floor, sin, tan};
  |                  ^^^  ^^^^^
  |
  = note: `#[warn(unused_imports)]` (part of `#[warn(unused)]`) on by default

warning: unused import: `AsciiBranches`
   --> crates/trueos-math/src/bst_arena.rs:184:33
    |
184 |         use crate::ascii_tree::{AsciiBranches, AsciiStack, Frame, write_ascii_tree};
    |                                 ^^^^^^^^^^^^^
    |
    = note: `#[warn(unused_imports)]` (part of `#[warn(unused)]`) on by default

warning: unused import: `BstNode`
 --> crates/trueos-math/src/avl.rs:4:34
  |
4 | use crate::bst_arena::{BstArena, BstNode, NodeId};
  |                                  ^^^^^^^

warning: unused import: `AsciiStack`
   --> crates/trueos-math/src/bst_arena.rs:184:48
    |
184 |         use crate::ascii_tree::{AsciiBranches, AsciiStack, Frame, write_ascii_tree};
    |                                                ^^^^^^^^^^

warning: `fdeflate` (lib) generated 6 warnings
warning: `usvg` (lib) generated 19 warnings (run `cargo fix --lib -p usvg` to apply 15 suggestions)
warning: `trueos-weather` (lib) generated 1 warning (run `cargo fix --lib -p trueos-weather` to apply 1 suggestion)
warning: `trueos-math` (lib) generated 3 warnings (run `cargo fix --lib -p trueos-math` to apply 2 suggestions)
   Compiling trueos-qjs v0.1.0 (/home/t4ce/REPOS/TRUEOS/crates/trueos-qjs)
warning: methods `descriptor` and `configuration_descriptors` are never used
   --> vendor/crab-usb-0.6.2/crab-usb-0.6.2/src/backend/kmod/hub/device.rs:228:12
    |
110 | impl HubDevice {
    | -------------- methods in this implementation
...
228 |     pub fn descriptor(&self) -> &DeviceDescriptor {
    |            ^^^^^^^^^^
...
232 |     pub fn configuration_descriptors(&self) -> &[ConfigurationDescriptor] {
    |            ^^^^^^^^^^^^^^^^^^^^^^^^^
    |
    = note: `#[warn(dead_code)]` (part of `#[warn(unused)]`) on by default

warning: methods `submit_for_poll` and `poll_finished` are never used
  --> vendor/crab-usb-0.6.2/crab-usb-0.6.2/src/backend/kmod/xhci/cmd.rs:78:12
   |
20 | impl CommandRing {
   | ---------------- methods in this implementation
...
78 |     pub fn submit_for_poll(&mut self, trb: command::Allowed) -> BusAddr {
   |            ^^^^^^^^^^^^^^^
...
82 |     pub fn poll_finished(&self, addr: BusAddr) -> Option<CommandCompletion> {
   |            ^^^^^^^^^^^^^

warning: methods `poll_command_completion` and `command_ring_self_test` are never used
   --> vendor/crab-usb-0.6.2/crab-usb-0.6.2/src/backend/kmod/xhci/host.rs:198:8
    |
 99 | impl Xhci {
    | --------- methods in this implementation
...
198 |     fn poll_command_completion(
    |        ^^^^^^^^^^^^^^^^^^^^^^^
...
239 |     fn command_ring_self_test(&mut self) -> Result {
    |        ^^^^^^^^^^^^^^^^^^^^^^

warning: constant `HUB_DEBOUNCE_TIMEOUT_MS` is never used
  --> vendor/crab-usb-0.6.2/crab-usb-0.6.2/src/backend/kmod/xhci/hub.rs:22:7
   |
22 | const HUB_DEBOUNCE_TIMEOUT_MS: u64 = 2000;
   |       ^^^^^^^^^^^^^^^^^^^^^^^

warning: constant `HUB_DEBOUNCE_STEP_MS` is never used
  --> vendor/crab-usb-0.6.2/crab-usb-0.6.2/src/backend/kmod/xhci/hub.rs:23:7
   |
23 | const HUB_DEBOUNCE_STEP_MS: u64 = 25;
   |       ^^^^^^^^^^^^^^^^^^^^

warning: constant `HUB_DEBOUNCE_STABLE_MS` is never used
  --> vendor/crab-usb-0.6.2/crab-usb-0.6.2/src/backend/kmod/xhci/hub.rs:24:7
   |
24 | const HUB_DEBOUNCE_STABLE_MS: u64 = 100;
   |       ^^^^^^^^^^^^^^^^^^^^^^

warning: methods `debounce_port`, `wait_for_port_enabled`, `settle_port_enabled`, and `handle_changed` are never used
   --> vendor/crab-usb-0.6.2/crab-usb-0.6.2/src/backend/kmod/xhci/hub.rs:374:14
    |
351 | impl XhciRootHub {
    | ---------------- methods in this implementation
...
374 |     async fn debounce_port(&mut self, port_id: u8, must_be_connected: bool) -> Result<(), ...
    |              ^^^^^^^^^^^^^
...
466 |     async fn wait_for_port_enabled(&mut self, port_id: u8) -> Result<(), USBError> {
    |              ^^^^^^^^^^^^^^^^^^^^^
...
482 |     async fn settle_port_enabled(&mut self, port_id: u8, reason: &'static str) -> bool {
    |              ^^^^^^^^^^^^^^^^^^^
...
508 |     async fn handle_changed(&mut self) -> Result<(), USBError> {
    |              ^^^^^^^^^^^^^^

warning: feature `iterator_try_collect` is declared but not used
 --> vendor/crab-usb-0.6.2/crab-usb-0.6.2/src/lib.rs:2:12
  |
2 | #![feature(iterator_try_collect)]
  |            ^^^^^^^^^^^^^^^^^^^^
  |
  = note: `#[warn(unused_features)]` (part of `#[warn(unused)]`) on by default

warning: unused import: `io`
 --> vendor/png-0.18.1/src/common.rs:6:47
  |
6 | use std::{borrow::Cow, convert::TryFrom, fmt, io};
  |                                               ^^
  |
  = note: `#[warn(unused_imports)]` (part of `#[warn(unused)]`) on by default

warning: unused import: `chunk`
   --> vendor/png-0.18.1/src/text_metadata.rs:104:13
    |
104 | use crate::{chunk, DecodingError};
    |             ^^^^^

warning: unused import: `std::convert::TryFrom`
   --> vendor/png-0.18.1/src/text_metadata.rs:106:5
    |
106 | use std::convert::TryFrom;
    |     ^^^^^^^^^^^^^^^^^^^^^

warning: unused import: `alloc::string::ToString`
 --> vendor/png-0.18.1/src/decoder/stream.rs:1:5
  |
1 | use alloc::string::ToString;
  |     ^^^^^^^^^^^^^^^^^^^^^^^

warning: method `into_raw` is never used
   --> vendor/png-0.18.1/src/common.rs:547:19
    |
546 | impl SrgbRenderingIntent {
    | ------------------------ method in this implementation
547 |     pub(crate) fn into_raw(self) -> u8 {
    |                   ^^^^^^^^
    |
    = note: `#[warn(dead_code)]` (part of `#[warn(unused)]`) on by default

warning: method `set_source_srgb` is never used
   --> vendor/png-0.18.1/src/common.rs:842:19
    |
744 | impl Info<'_> {
    | ------------- method in this implementation
...
842 |     pub(crate) fn set_source_srgb(&mut self, rendering_intent: SrgbRenderingIntent) {
    |                   ^^^^^^^^^^^^^^^

warning: method `into_usize` is never used
   --> vendor/png-0.18.1/src/common.rs:861:19
    |
848 | impl BytesPerPixel {
    | ------------------ method in this implementation
...
861 |     pub(crate) fn into_usize(self) -> usize {
    |                   ^^^^^^^^^^

warning: associated function `from_simple` is never used
  --> vendor/png-0.18.1/src/filter/mod.rs:50:19
   |
49 | impl Filter {
   | ----------- associated function in this implementation
50 |     pub(crate) fn from_simple(compression: Compression) -> Self {
   |                   ^^^^^^^^^^^

warning: associated function `from_method` is never used
  --> vendor/png-0.18.1/src/filter/mod.rs:90:12
   |
78 | impl RowFilter {
   | -------------- associated function in this implementation
...
90 |     pub fn from_method(strat: Filter) -> Option<Self> {
   |            ^^^^^^^^^^^

warning: function `filter_internal` is never used
   --> vendor/png-0.18.1/src/filter/mod.rs:361:4
    |
361 | fn filter_internal(
    |    ^^^^^^^^^^^^^^^

warning: function `adaptive_filter` is never used
   --> vendor/png-0.18.1/src/filter/mod.rs:500:4
    |
500 | fn adaptive_filter(
    |    ^^^^^^^^^^^^^^^

warning: function `filter` is never used
   --> vendor/png-0.18.1/src/filter/mod.rs:530:15
    |
530 | pub(crate) fn filter(
    |               ^^^^^^

warning: function `ilog2i` is never used
   --> vendor/png-0.18.1/src/filter/mod.rs:552:4
    |
552 | fn ilog2i(i: u32) -> u32 {
    |    ^^^^^^

warning: function `entropy` is never used
   --> vendor/png-0.18.1/src/filter/mod.rs:557:4
    |
557 | fn entropy(buf: &[u8]) -> u64 {
    |    ^^^^^^^

warning: function `sum_buffer` is never used
   --> vendor/png-0.18.1/src/filter/mod.rs:608:4
    |
608 | fn sum_buffer(buf: &[u8]) -> u64 {
    |    ^^^^^^^^^^

warning: function `filter_paeth_stbi` is never used
  --> vendor/png-0.18.1/src/filter/paeth.rs:28:15
   |
28 | pub(super) fn filter_paeth_stbi(a: i16, b: i16, c: i16) -> u8 {
   |               ^^^^^^^^^^^^^^^^^

warning: function `filter_paeth_fpnge` is never used
  --> vendor/png-0.18.1/src/filter/paeth.rs:45:15
   |
45 | pub(super) fn filter_paeth_fpnge(a: u8, b: u8, c: u8) -> u8 {
   |               ^^^^^^^^^^^^^^^^^^

warning: trait `WriteBytesExt` is never used
  --> vendor/png-0.18.1/src/traits.rs:34:11
   |
34 | pub trait WriteBytesExt<T>: io::Write {
   |           ^^^^^^^^^^^^^

warning: unused variable: `m`
   --> vendor/tokio-1.52.1/src/runtime/park.rs:171:13
    |
171 |         let m = self.mutex.lock();
    |             ^ help: if this is intentional, prefix it with an underscore: `_m`
    |
    = note: `#[warn(unused_variables)]` (part of `#[warn(unused)]`) on by default

warning: missing documentation for a struct
  --> vendor/tokio-1.52.1/src/time/instant.rs:53:1
   |
53 | pub struct Instant {
   | ^^^^^^^^^^^^^^^^^^
   |
note: the lint level is defined here
  --> vendor/tokio-1.52.1/src/lib.rs:9:5
   |
 9 |     missing_docs,
   |     ^^^^^^^^^^^^

   Compiling TRUEOS v0.0.2 (/home/t4ce/REPOS/TRUEOS)
warning: `crab-usb` (lib) generated 8 warnings
warning: `png` (lib) generated 18 warnings (run `cargo fix --lib -p png` to apply 2 suggestions)
warning: `tokio` (lib) generated 2 warnings (run `cargo fix --lib -p tokio` to apply 1 suggestion)
warning: constant `TOKEN_THRESHOLD` is never used
  --> vendor/localcoder/src/compact.rs:13:7
   |
13 | const TOKEN_THRESHOLD: usize = 12_000;
   |       ^^^^^^^^^^^^^^^
   |
   = note: `#[warn(dead_code)]` (part of `#[warn(unused)]`) on by default

warning: constant `CHARS_PER_TOKEN` is never used
  --> vendor/localcoder/src/compact.rs:14:7
   |
14 | const CHARS_PER_TOKEN: usize = 4;
   |       ^^^^^^^^^^^^^^^

warning: constant `KEEP_RECENT_MESSAGES` is never used
  --> vendor/localcoder/src/compact.rs:15:7
   |
15 | const KEEP_RECENT_MESSAGES: usize = 10;
   |       ^^^^^^^^^^^^^^^^^^^^

warning: function `maybe_compact` is never used
  --> vendor/localcoder/src/compact.rs:18:14
   |
18 | pub async fn maybe_compact(client: &LLMClient, messages: &mut Vec<Value>) -> Result<bool> {
   |              ^^^^^^^^^^^^^

warning: function `force_compact` is never used
  --> vendor/localcoder/src/compact.rs:26:14
   |
26 | pub async fn force_compact(client: &LLMClient, messages: &mut Vec<Value>) -> Result<bool> {
   |              ^^^^^^^^^^^^^

warning: function `estimate_tokens` is never used
  --> vendor/localcoder/src/compact.rs:34:8
   |
34 | pub fn estimate_tokens(messages: &[Value]) -> usize {
   |        ^^^^^^^^^^^^^^^

warning: function `should_compact` is never used
  --> vendor/localcoder/src/compact.rs:41:4
   |
41 | fn should_compact(messages: &[Value]) -> bool {
   |    ^^^^^^^^^^^^^^

warning: function `compact_messages` is never used
  --> vendor/localcoder/src/compact.rs:45:10
   |
45 | async fn compact_messages(client: &LLMClient, messages: &mut Vec<Value>) -> Result<bool> {
   |          ^^^^^^^^^^^^^^^^

warning: fields `final_url` and `content_type` are never read
  --> vendor/localcoder/src/net.rs:11:5
   |
 9 | pub struct HttpResponse {
   |            ------------ fields in this struct
10 |     status: u16,
11 |     final_url: String,
   |     ^^^^^^^^^
12 |     content_type: Option<String>,
   |     ^^^^^^^^^^^^

warning: methods `final_url` and `content_type` are never used
  --> vendor/localcoder/src/net.rs:25:12
   |
16 | impl HttpResponse {
   | ----------------- methods in this implementation
...
25 |     pub fn final_url(&self) -> &str {
   |            ^^^^^^^^^
...
29 |     pub fn content_type(&self) -> Option<&str> {
   |            ^^^^^^^^^^^^

warning: function `post_json_with_headers` is never used
  --> vendor/localcoder/src/net.rs:50:14
   |
50 | pub async fn post_json_with_headers<T: Serialize>(
   |              ^^^^^^^^^^^^^^^^^^^^^^

warning: function `args` is never used
  --> vendor/localcoder/src/rt/env.rs:13:8
   |
13 | pub fn args() -> impl Iterator<Item = String> {
   |        ^^^^

warning: function `is_file` is never used
  --> vendor/localcoder/src/rt/fs.rs:58:8
   |
58 | pub fn is_file(path: &Path) -> bool {
   |        ^^^^^^^

warning: struct `Message` is never constructed
  --> vendor/localcoder/src/types.rs:14:12
   |
14 | pub struct Message {
   |            ^^^^^^^

warning: associated functions `new`, `user`, and `assistant` are never used
  --> vendor/localcoder/src/types.rs:20:12
   |
19 | impl Message {
   | ------------ associated functions in this implementation
20 |     pub fn new(role: impl Into<String>, content: impl Into<String>) -> Self {
   |            ^^^
...
27 |     pub fn user(content: impl Into<String>) -> Self {
   |            ^^^^
...
31 |     pub fn assistant(content: impl Into<String>) -> Self {
   |            ^^^^^^^^^

warning: field `role` is never read
  --> vendor/localcoder/src/types.rs:64:9
   |
63 | pub struct OllamaMessage {
   |            ------------- field in this struct
64 |     pub role: String,
   |         ^^^^
   |
   = note: `OllamaMessage` has a derived impl for the trait `Debug`, but this is intentionally ignored during dead code analysis

warning: struct `ConversationHistory` is never constructed
  --> vendor/localcoder/src/types.rs:81:12
   |
81 | pub struct ConversationHistory {
   |            ^^^^^^^^^^^^^^^^^^^

warning: multiple associated items are never used
   --> vendor/localcoder/src/types.rs:86:12
    |
 85 | impl ConversationHistory {
    | ------------------------ associated items in this implementation
 86 |     pub fn new() -> Self {
    |            ^^^
...
 92 |     pub fn add_user_message(&mut self, content: impl Into<String>) {
    |            ^^^^^^^^^^^^^^^^
...
 96 |     pub fn add_assistant_message(&mut self, content: impl Into<String>) {
    |            ^^^^^^^^^^^^^^^^^^^^^
...
100 |     pub fn get_messages(&self) -> &[Message] {
    |            ^^^^^^^^^^^^
...
104 |     pub fn clear(&mut self) {
    |            ^^^^^
...
108 |     pub fn len(&self) -> usize {
    |            ^^^
...
112 |     pub fn is_empty(&self) -> bool {
    |            ^^^^^^^^
...
116 |     pub fn to_json(&self) -> Result<String, serde_json::Error> {
    |            ^^^^^^^

warning: `localcoder` (lib) generated 18 warnings
warning: TRUEOS@0.0.2: declared CABI symbol trueos_cabi_shell_qjs_init has no kernel export and will stay unresolved
warning: TRUEOS@0.0.2: declared CABI symbol trueos_cabi_shell_qjs_read has no kernel export and will stay unresolved
warning: TRUEOS@0.0.2: declared CABI symbol trueos_cabi_shell_qjs_read_byte has no kernel export and will stay unresolved
warning: TRUEOS@0.0.2: declared CABI symbol trueos_cabi_shell_qjs_write has no kernel export and will stay unresolved
warning: TRUEOS@0.0.2: declared CABI symbol trueos_cabi_shell_qjs_write_byte has no kernel export and will stay unresolved
warning: variable does not need to be mutable
   --> crates/trueos-qjs/src/async_ops.rs:609:18
    |
609 |         let Some(mut op) = take_pending(ctx, op_id) else {
    |                  ----^^
    |                  |
    |                  help: remove this `mut`
    |
    = note: `#[warn(unused_mut)]` (part of `#[warn(unused)]`) on by default

warning: unused variable: `x_f`
   --> crates/trueos-qjs/src/cmd_stream/draw_cmd_stream.rs:134:14
    |
134 |     let Some(x_f) = super::cmd_stream_arg_f64(ctx, args, 1) else {
    |              ^^^ help: if this is intentional, prefix it with an underscore: `_x_f`
    |
    = note: `#[warn(unused_variables)]` (part of `#[warn(unused)]`) on by default

warning: unused variable: `y_f`
   --> crates/trueos-qjs/src/cmd_stream/draw_cmd_stream.rs:137:14
    |
137 |     let Some(y_f) = super::cmd_stream_arg_f64(ctx, args, 2) else {
    |              ^^^ help: if this is intentional, prefix it with an underscore: `_y_f`

warning: unused variable: `w_f`
   --> crates/trueos-qjs/src/cmd_stream/draw_cmd_stream.rs:140:14
    |
140 |     let Some(w_f) = super::cmd_stream_arg_f64(ctx, args, 3) else {
    |              ^^^ help: if this is intentional, prefix it with an underscore: `_w_f`

warning: unused variable: `h_f`
   --> crates/trueos-qjs/src/cmd_stream/draw_cmd_stream.rs:143:14
    |
143 |     let Some(h_f) = super::cmd_stream_arg_f64(ctx, args, 4) else {
    |              ^^^ help: if this is intentional, prefix it with an underscore: `_h_f`

warning: unused variable: `u0`
   --> crates/trueos-qjs/src/cmd_stream/draw_cmd_stream.rs:151:9
    |
151 |     let u0 = super::cmd_stream_arg_f64(ctx, args, 5).unwrap_or(0.0) as f32;
    |         ^^ help: if this is intentional, prefix it with an underscore: `_u0`

warning: unused variable: `v0`
   --> crates/trueos-qjs/src/cmd_stream/draw_cmd_stream.rs:152:9
    |
152 |     let v0 = super::cmd_stream_arg_f64(ctx, args, 6).unwrap_or(0.0) as f32;
    |         ^^ help: if this is intentional, prefix it with an underscore: `_v0`

warning: unused variable: `u1`
   --> crates/trueos-qjs/src/cmd_stream/draw_cmd_stream.rs:153:9
    |
153 |     let u1 = super::cmd_stream_arg_f64(ctx, args, 7).unwrap_or(1.0) as f32;
    |         ^^ help: if this is intentional, prefix it with an underscore: `_u1`

warning: unused variable: `v1`
   --> crates/trueos-qjs/src/cmd_stream/draw_cmd_stream.rs:154:9
    |
154 |     let v1 = super::cmd_stream_arg_f64(ctx, args, 8).unwrap_or(1.0) as f32;
    |         ^^ help: if this is intentional, prefix it with an underscore: `_v1`

warning: unused variable: `rgba`
   --> crates/trueos-qjs/src/cmd_stream/draw_cmd_stream.rs:155:9
    |
155 |     let rgba = (super::cmd_stream_arg_f64(ctx, args, 9).unwrap_or(0xFFFF_FFFFu32 as f64) a...
    |         ^^^^ help: if this is intentional, prefix it with an underscore: `_rgba`

warning: unused variable: `tex_id`
   --> crates/trueos-qjs/src/cmd_stream/lyon_cmd_stream.rs:247:15
    |
247 |     let Some((tex_id, side_px)) = cmd_stream_ensure_lyon_icon_tex(icon_id, 0, 1) else {
    |               ^^^^^^ help: if this is intentional, prefix it with an underscore: `_tex_id`

warning: unused variable: `origin_x_ndc`
   --> crates/trueos-qjs/src/cmd_stream/lyon_cmd_stream.rs:257:9
    |
257 |     let origin_x_ndc = (2.0 * ((x + origin_x) / view_w_f)) - 1.0;
    |         ^^^^^^^^^^^^ help: if this is intentional, prefix it with an underscore: `_origin_x_ndc`

warning: unused variable: `origin_y_ndc`
   --> crates/trueos-qjs/src/cmd_stream/lyon_cmd_stream.rs:258:9
    |
258 |     let origin_y_ndc = 1.0 - (2.0 * ((y + origin_y) / view_h_f));
    |         ^^^^^^^^^^^^ help: if this is intentional, prefix it with an underscore: `_origin_y_ndc`

warning: unused variable: `verts`
   --> crates/trueos-qjs/src/cmd_stream/lyon_cmd_stream.rs:260:9
    |
260 |     let verts = cmd_stream_get_lyon_unit_quad_verts(view_w_u, view_h_u, side_px, r, g, b);
    |         ^^^^^ help: if this is intentional, prefix it with an underscore: `_verts`

warning: function `push_i32_dec` is never used
 --> crates/trueos-qjs/src/trueos_module_loader/compiled.rs:8:4
  |
8 | fn push_i32_dec(out: &mut Vec<u8>, v: i32) {
  |    ^^^^^^^^^^^^
  |
  = note: `#[warn(dead_code)]` (part of `#[warn(unused)]`) on by default

warning: function `trace_str` is never used
  --> crates/trueos-qjs/src/trueos_module_loader/compiled.rs:29:4
   |
29 | fn trace_str(s: &str) {
   |    ^^^^^^^^^

warning: function `trace_bytes` is never used
  --> crates/trueos-qjs/src/trueos_module_loader/compiled.rs:34:4
   |
34 | fn trace_bytes(bytes: &[u8]) {
   |    ^^^^^^^^^^^

warning: function `trace_nl` is never used
  --> crates/trueos-qjs/src/trueos_module_loader/compiled.rs:39:4
   |
39 | fn trace_nl() {
   |    ^^^^^^^^

warning: function `trace_usize_dec` is never used
  --> crates/trueos-qjs/src/trueos_module_loader/compiled.rs:44:4
   |
44 | fn trace_usize_dec(v: usize) {
   |    ^^^^^^^^^^^^^^^

warning: function `read_file_sync` is never used
  --> crates/trueos-qjs/src/trueos_module_loader/compiled.rs:48:4
   |
48 | fn read_file_sync(path: &[u8]) -> Result<Vec<u8>, i32> {
   |    ^^^^^^^^^^^^^^

warning: function `write_file_sync` is never used
  --> crates/trueos-qjs/src/trueos_module_loader/compiled.rs:52:4
   |
52 | fn write_file_sync(path: &[u8], data: &[u8]) -> Result<(), i32> {
   |    ^^^^^^^^^^^^^^^

warning: function `compiled_cache_path_for_source` is never used
  --> crates/trueos-qjs/src/trueos_module_loader/compiled.rs:65:15
   |
65 | pub(super) fn compiled_cache_path_for_source(source_cache_path: &[u8]) -> Vec<u8> {
   |               ^^^^^^^^^^^^^^^^^^^^^^^^^^^^^^

warning: function `try_load_compiled_module` is never used
  --> crates/trueos-qjs/src/trueos_module_loader/compiled.rs:74:22
   |
74 | pub(super) unsafe fn try_load_compiled_module(
   |                      ^^^^^^^^^^^^^^^^^^^^^^^^

warning: function `persist_compiled_module` is never used
  --> crates/trueos-qjs/src/trueos_module_loader/compiled.rs:96:22
   |
96 | pub(super) unsafe fn persist_compiled_module(
   |                      ^^^^^^^^^^^^^^^^^^^^^^^

warning: struct `EmbeddedModule` is never constructed
 --> crates/trueos-qjs/src/trueos_module_loader/embedded.rs:3:19
  |
3 | pub(crate) struct EmbeddedModule {
  |                   ^^^^^^^^^^^^^^

warning: static `EMBEDDED` is never used
 --> /home/t4ce/REPOS/TRUEOS/tgt/arm-exp/arm/debug/build/trueos-qjs-9243bc02070dc857/out/embedded_qjs/embedded_modules.rs:4:8
  |
4 | static EMBEDDED: &[EmbeddedModule] = &[
  |        ^^^^^^^^

warning: function `find` is never used
  --> crates/trueos-qjs/src/trueos_module_loader/embedded.rs:14:15
   |
14 | pub(crate) fn find(path: &[u8]) -> Option<&'static EmbeddedModule> {
   |               ^^^^

warning: constant `TRUESURFER_IDLE_SLEEP_MS` is never used
   --> crates/trueos-qjs/src/../app/truesurfer/truesurfer_qjs_vm_task.rs:103:7
    |
103 | const TRUESURFER_IDLE_SLEEP_MS: u64 = 16;
    |       ^^^^^^^^^^^^^^^^^^^^^^^^

warning: static `FIRST_QJS_END_FRAME_SEEN` is never used
  --> crates/trueos-qjs/src/cmd_stream.rs:19:8
   |
19 | static FIRST_QJS_END_FRAME_SEEN: AtomicBool = AtomicBool::new(false);
   |        ^^^^^^^^^^^^^^^^^^^^^^^^

warning: function `cmd_stream_draw_texture_rect` is never used
   --> crates/trueos-qjs/src/cmd_stream.rs:741:4
    |
741 | fn cmd_stream_draw_texture_rect(
    |    ^^^^^^^^^^^^^^^^^^^^^^^^^^^^

warning: function `cmd_stream_push_tex_vtx` is never used
   --> crates/trueos-qjs/src/cmd_stream.rs:791:4
    |
791 | fn cmd_stream_push_tex_vtx(
    |    ^^^^^^^^^^^^^^^^^^^^^^^

warning: function `trueos_cabi_gfx_begin_frame` is never used
  --> crates/trueos-qjs/src/cmd_stream.rs:21:8
   |
21 |     fn trueos_cabi_gfx_begin_frame(clear_rgb: u32) -> i32;
   |        ^^^^^^^^^^^^^^^^^^^^^^^^^^^

warning: function `js_null` is never used
    --> crates/trueos-qjs/src/node/mod.rs:1295:4
     |
1295 | fn js_null() -> qjs::JSValue {
     |    ^^^^^^^

warning: `extern` fn uses type `fn(u32, i32)`, which is not FFI-safe
   --> crates/trueos-qjs/src/yoga/yoga_native.rs:223:12
    |
223 |         f: fn(u32, i32),
    |            ^^^^^^^^^^^^ not FFI-safe
    |
    = help: consider using an `extern fn(...) -> ...` function pointer instead
    = note: this function pointer has Rust-specific calling convention
    = note: `#[warn(improper_ctypes_definitions)]` on by default

warning: `extern` fn uses type `fn(u32, f32)`, which is not FFI-safe
   --> crates/trueos-qjs/src/yoga/yoga_native.rs:234:12
    |
234 |         f: fn(u32, f32),
    |            ^^^^^^^^^^^^ not FFI-safe
    |
    = help: consider using an `extern fn(...) -> ...` function pointer instead
    = note: this function pointer has Rust-specific calling convention

warning: `extern` fn uses type `fn(u32, i32, f32)`, which is not FFI-safe
   --> crates/trueos-qjs/src/yoga/yoga_native.rs:245:12
    |
245 |         f: fn(u32, i32, f32),
    |            ^^^^^^^^^^^^^^^^^ not FFI-safe
    |
    = help: consider using an `extern fn(...) -> ...` function pointer instead
    = note: this function pointer has Rust-specific calling convention

warning: `trueos-qjs` (lib) generated 36 warnings (run `cargo fix --lib -p trueos-qjs` to apply 14 suggestions)
error[E0432]: unresolved import `core::arch::x86_64`
  --> src/Chronos.rs:37:17
   |
37 | use core::arch::x86_64::_rdtsc;
   |                 ^^^^^^ could not find `x86_64` in `arch`

error[E0432]: unresolved import `core::arch::x86_64`
 --> src/cpu.rs:4:17
  |
4 | use core::arch::x86_64::__cpuid;
  |                 ^^^^^^ could not find `x86_64` in `arch`

error[E0432]: unresolved imports `x86_64::instructions`, `x86_64::instructions`
  --> src/exceptions.rs:10:14
   |
10 | use x86_64::{instructions::hlt, instructions::interrupts};
   |              ^^^^^^^^^^^^       ^^^^^^^^^^^^ could not find `instructions` in `x86_64`
   |              |
   |              could not find `instructions` in `x86_64`
   |
note: found an item that was configured out
  --> /home/t4ce/.cargo/registry/src/index.crates.io-1949cf8c6b5b557f/x86_64-0.15.4/src/lib.rs:15:9
   |
15 | pub mod instructions;
   |         ^^^^^^^^^^^^
   |
  ::: /home/t4ce/.cargo/registry/src/index.crates.io-1949cf8c6b5b557f/x86_64-0.15.4/src/instructions/mod.rs:1:38
   |
 1 | #![cfg(all(feature = "instructions", target_arch = "x86_64"))]
   |                                      ---------------------- the item is gated behind the `x86_64` feature
note: found an item that was configured out
  --> /home/t4ce/.cargo/registry/src/index.crates.io-1949cf8c6b5b557f/x86_64-0.15.4/src/lib.rs:15:9
   |
15 | pub mod instructions;
   |         ^^^^^^^^^^^^
   |
  ::: /home/t4ce/.cargo/registry/src/index.crates.io-1949cf8c6b5b557f/x86_64-0.15.4/src/instructions/mod.rs:1:38
   |
 1 | #![cfg(all(feature = "instructions", target_arch = "x86_64"))]
   |                                      ---------------------- the item is gated behind the `x86_64` feature

error[E0432]: unresolved import `core::arch::x86_64`
 --> src/power/mod.rs:2:17
  |
2 | use core::arch::x86_64::__cpuid;
  |                 ^^^^^^ could not find `x86_64` in `arch`

error[E0432]: unresolved import `core::arch::x86_64`
 --> src/r/time.rs:1:17
  |
1 | use core::arch::x86_64::{__cpuid, _rdtsc};
  |                 ^^^^^^ could not find `x86_64` in `arch`

error[E0432]: unresolved import `core::arch::x86_64`
 --> src/rapl.rs:3:17
  |
3 | use core::arch::x86_64::__cpuid;
  |                 ^^^^^^ could not find `x86_64` in `arch`

error[E0433]: cannot find `x86_64` in `arch`
   --> src/pci/nvme.rs:526:30
    |
526 |         unsafe { core::arch::x86_64::_mm_mfence() };
    |                              ^^^^^^ could not find `x86_64` in `arch`

error[E0433]: cannot find `instructions` in `x86_64`
   --> src/power/mod.rs:139:24
    |
139 |             if x86_64::instructions::interrupts::are_enabled() {
    |                        ^^^^^^^^^^^^ could not find `instructions` in `x86_64`
    |
note: found an item that was configured out
   --> /home/t4ce/.cargo/registry/src/index.crates.io-1949cf8c6b5b557f/x86_64-0.15.4/src/lib.rs:15:9
    |
 15 | pub mod instructions;
    |         ^^^^^^^^^^^^
    |
   ::: /home/t4ce/.cargo/registry/src/index.crates.io-1949cf8c6b5b557f/x86_64-0.15.4/src/instructions/mod.rs:1:38
    |
  1 | #![cfg(all(feature = "instructions", target_arch = "x86_64"))]
    |                                      ---------------------- the item is gated behind the `x86_64` feature

error[E0433]: cannot find `instructions` in `x86_64`
   --> src/power/mod.rs:140:25
    |
140 |                 x86_64::instructions::hlt()
    |                         ^^^^^^^^^^^^ could not find `instructions` in `x86_64`
    |
note: found an item that was configured out
   --> /home/t4ce/.cargo/registry/src/index.crates.io-1949cf8c6b5b557f/x86_64-0.15.4/src/lib.rs:15:9
    |
 15 | pub mod instructions;
    |         ^^^^^^^^^^^^
    |
   ::: /home/t4ce/.cargo/registry/src/index.crates.io-1949cf8c6b5b557f/x86_64-0.15.4/src/instructions/mod.rs:1:38
    |
  1 | #![cfg(all(feature = "instructions", target_arch = "x86_64"))]
    |                                      ---------------------- the item is gated behind the `x86_64` feature

warning: unused import: `AtomicU64`
 --> src/logflag.rs:1:49
  |
1 | use core::sync::atomic::{AtomicBool, AtomicU32, AtomicU64};
  |                                                 ^^^^^^^^^
  |
  = note: `#[warn(unused_imports)]` (part of `#[warn(unused)]`) on by default

error[E0570]: "x86-interrupt" is not a supported ABI for the current target
   --> src/Chronos.rs:230:19
    |
230 | pub(crate) extern "x86-interrupt" fn CHRONOS_TIMER(_stack_frame: InterruptStackFrame) {
    |                   ^^^^^^^^^^^^^^^

error[E0570]: "x86-interrupt" is not a supported ABI for the current target
   --> src/exceptions.rs:190:8
    |
190 | extern "x86-interrupt" fn invalid_opcode_handler(stack_frame: InterruptStackFrame) {
    |        ^^^^^^^^^^^^^^^

error[E0570]: "x86-interrupt" is not a supported ABI for the current target
   --> src/exceptions.rs:199:8
    |
199 | extern "x86-interrupt" fn device_not_available_handler(stack_frame: InterruptStackFrame) {
    |        ^^^^^^^^^^^^^^^

error[E0570]: "x86-interrupt" is not a supported ABI for the current target
   --> src/exceptions.rs:224:8
    |
224 | extern "x86-interrupt" fn general_protection_fault_handler(
    |        ^^^^^^^^^^^^^^^

error[E0570]: "x86-interrupt" is not a supported ABI for the current target
   --> src/exceptions.rs:238:8
    |
238 | extern "x86-interrupt" fn page_fault_handler(
    |        ^^^^^^^^^^^^^^^

error[E0570]: "x86-interrupt" is not a supported ABI for the current target
   --> src/exceptions.rs:272:8
    |
272 | extern "x86-interrupt" fn x87_floating_point_handler(stack_frame: InterruptStackFrame) {
    |        ^^^^^^^^^^^^^^^

error[E0570]: "x86-interrupt" is not a supported ABI for the current target
   --> src/exceptions.rs:279:8
    |
279 | extern "x86-interrupt" fn simd_floating_point_handler(stack_frame: InterruptStackFrame) {
    |        ^^^^^^^^^^^^^^^

error[E0570]: "x86-interrupt" is not a supported ABI for the current target
   --> src/exceptions.rs:286:8
    |
286 | extern "x86-interrupt" fn double_fault_handler(
    |        ^^^^^^^^^^^^^^^

error: invalid register `dx`: unknown register
   --> src/pci/pci.rs:735:25
    |
735 |     asm!("out dx, eax", in("dx") port, in("eax") val, options(nomem, nostack, preserves_fl...
    |                         ^^^^^^^^^^^^^

error: invalid register `eax`: unknown register
   --> src/pci/pci.rs:735:40
    |
735 |     asm!("out dx, eax", in("dx") port, in("eax") val, options(nomem, nostack, preserves_fl...
    |                                        ^^^^^^^^^^^^^

error: invalid register `dx`: unknown register
   --> src/pci/pci.rs:741:24
    |
741 |     asm!("in eax, dx", in("dx") port, out("eax") val, options(nomem, nostack, preserves_fl...
    |                        ^^^^^^^^^^^^^

error: invalid register `eax`: unknown register
   --> src/pci/pci.rs:741:39
    |
741 |     asm!("in eax, dx", in("dx") port, out("eax") val, options(nomem, nostack, preserves_fl...
    |                                       ^^^^^^^^^^^^^^

error: invalid register `al`: unknown register
 --> src/portio.rs:6:9
  |
6 |         out("al") value,
  |         ^^^^^^^^^^^^^^^

error: invalid register `dx`: unknown register
 --> src/portio.rs:7:9
  |
7 |         in("dx") port,
  |         ^^^^^^^^^^^^^

error: invalid register `ax`: unknown register
  --> src/portio.rs:18:9
   |
18 |         out("ax") value,
   |         ^^^^^^^^^^^^^^^

error: invalid register `dx`: unknown register
  --> src/portio.rs:19:9
   |
19 |         in("dx") port,
   |         ^^^^^^^^^^^^^

error: invalid register `eax`: unknown register
  --> src/portio.rs:30:9
   |
30 |         out("eax") value,
   |         ^^^^^^^^^^^^^^^^

error: invalid register `dx`: unknown register
  --> src/portio.rs:31:9
   |
31 |         in("dx") port,
   |         ^^^^^^^^^^^^^

error: invalid register `dx`: unknown register
  --> src/portio.rs:41:9
   |
41 |         in("dx") port,
   |         ^^^^^^^^^^^^^

error: invalid register `al`: unknown register
  --> src/portio.rs:42:9
   |
42 |         in("al") val,
   |         ^^^^^^^^^^^^

error: invalid register `dx`: unknown register
  --> src/portio.rs:51:9
   |
51 |         in("dx") port,
   |         ^^^^^^^^^^^^^

error: invalid register `ax`: unknown register
  --> src/portio.rs:52:9
   |
52 |         in("ax") val,
   |         ^^^^^^^^^^^^

error: invalid register `dx`: unknown register
  --> src/portio.rs:61:9
   |
61 |         in("dx") port,
   |         ^^^^^^^^^^^^^

error: invalid register `eax`: unknown register
  --> src/portio.rs:62:9
   |
62 |         in("eax") val,
   |         ^^^^^^^^^^^^^

warning: value assigned to `last_progress` is never read
   --> src/r/net/cli/http.rs:487:25
    |
487 |                         last_progress = Instant::now();
    |                         ^^^^^^^^^^^^^^^^^^^^^^^^^^^^^^
    |
    = help: maybe it is overwritten before being read?
    = note: `#[warn(unused_assignments)]` (part of `#[warn(unused)]`) on by default

error[E0599]: no method named `set_handler_fn` found for struct `x86_64::structures::idt::Entry<F>` in the current scope
   --> src/Chronos.rs:131:31
    |
131 |     idt[CHRONOS_TIMER_VECTOR].set_handler_fn(CHRONOS_TIMER);
    |                               ^^^^^^^^^^^^^^ method not found in `x86_64::structures::idt::Entry<HandlerFunc>`

error[E0609]: no field `lapic_id` on type `&MpInfo`
   --> src/cpu.rs:236:46
    |
236 |     let slot = percpu::slot_for_lapic_id(cpu.lapic_id);
    |                                              ^^^^^^^^ unknown field
    |
    = note: available fields are: `processor_id`, `mpidr`

error[E0609]: no field `lapic_id` on type `&MpInfo`
   --> src/cpu.rs:237:25
    |
237 |     percpu::init_ap(cpu.lapic_id, slot as u32);
    |                         ^^^^^^^^ unknown field
    |
    = note: available fields are: `processor_id`, `mpidr`

error[E0599]: no associated function or constant named `read` found for struct `Cr0` in the current scope
   --> src/cpu.rs:296:24
    |
296 |     let mut cr0 = Cr0::read();
    |                        ^^^^ associated function or constant not found in `Cr0`

error[E0599]: no associated function or constant named `write` found for struct `Cr0` in the current scope
   --> src/cpu.rs:300:10
    |
300 |     Cr0::write(cr0);
    |          ^^^^^ associated function or constant not found in `Cr0`

error[E0599]: no associated function or constant named `read` found for struct `Cr4` in the current scope
   --> src/cpu.rs:302:24
    |
302 |     let mut cr4 = Cr4::read();
    |                        ^^^^ associated function or constant not found in `Cr4`

error[E0599]: no associated function or constant named `write` found for struct `Cr4` in the current scope
   --> src/cpu.rs:304:10
    |
304 |     Cr4::write(cr4);
    |          ^^^^^ associated function or constant not found in `Cr4`

error[E0599]: no method named `read` found for struct `Msr` in the current scope
   --> src/cpu.rs:322:45
    |
322 |     let efer = unsafe { Msr::new(IA32_EFER).read() };
    |                                             ^^^^ method not found in `Msr`

error[E0599]: no method named `set_handler_fn` found for struct `x86_64::structures::idt::Entry<F>` in the current scope
  --> src/exceptions.rs:20:28
   |
20 |         idt.invalid_opcode.set_handler_fn(invalid_opcode_handler);
   |                            ^^^^^^^^^^^^^^ method not found in `x86_64::structures::idt::Entry<HandlerFunc>`

error[E0599]: no method named `set_handler_fn` found for struct `x86_64::structures::idt::Entry<F>` in the current scope
  --> src/exceptions.rs:22:14
   |
21 | /         idt.device_not_available
22 | |             .set_handler_fn(device_not_available_handler);
   | |             -^^^^^^^^^^^^^^ method not found in `x86_64::structures::idt::Entry<HandlerFunc>`
   | |_____________|
   |

error[E0599]: no method named `set_handler_fn` found for struct `x86_64::structures::idt::Entry<F>` in the current scope
  --> src/exceptions.rs:24:14
   |
23 | /         idt.general_protection_fault
24 | |             .set_handler_fn(general_protection_fault_handler);
   | |             -^^^^^^^^^^^^^^ method not found in `x86_64::structures::idt::Entry<HandlerFuncWithErrCode>`
   | |_____________|
   |

error[E0599]: no method named `set_handler_fn` found for struct `x86_64::structures::idt::Entry<F>` in the current scope
  --> src/exceptions.rs:25:24
   |
25 |         idt.page_fault.set_handler_fn(page_fault_handler);
   |                        ^^^^^^^^^^^^^^ method not found in `x86_64::structures::idt::Entry<PageFaultHandlerFunc>`

error[E0599]: no method named `set_handler_fn` found for struct `x86_64::structures::idt::Entry<F>` in the current scope
  --> src/exceptions.rs:27:14
   |
26 | /         idt.x87_floating_point
27 | |             .set_handler_fn(x87_floating_point_handler);
   | |             -^^^^^^^^^^^^^^ method not found in `x86_64::structures::idt::Entry<HandlerFunc>`
   | |_____________|
   |

error[E0599]: no method named `set_handler_fn` found for struct `x86_64::structures::idt::Entry<F>` in the current scope
  --> src/exceptions.rs:29:14
   |
28 | /         idt.simd_floating_point
29 | |             .set_handler_fn(simd_floating_point_handler);
   | |             -^^^^^^^^^^^^^^ method not found in `x86_64::structures::idt::Entry<HandlerFunc>`
   | |_____________|
   |

error[E0599]: no method named `set_handler_fn` found for struct `x86_64::structures::idt::Entry<F>` in the current scope
  --> src/exceptions.rs:30:26
   |
30 |         idt.double_fault.set_handler_fn(double_fault_handler);
   |                          ^^^^^^^^^^^^^^ method not found in `x86_64::structures::idt::Entry<DivergingHandlerFuncWithErrCode>`

error[E0599]: no method named `load` found for reference `&'static InterruptDescriptorTable` in the current scope
  --> src/exceptions.rs:65:11
   |
65 |     idt().load();
   |           ^^^^ method not found in `&'static InterruptDescriptorTable`

error[E0599]: no associated function or constant named `read` found for struct `Cr0` in the current scope
   --> src/exceptions.rs:200:24
    |
200 |     let mut cr0 = Cr0::read();
    |                        ^^^^ associated function or constant not found in `Cr0`

error[E0599]: no associated function or constant named `write` found for struct `Cr0` in the current scope
   --> src/exceptions.rs:203:23
    |
203 |         unsafe { Cr0::write(cr0) };
    |                       ^^^^^ associated function or constant not found in `Cr0`

error[E0599]: no associated function or constant named `read_raw` found for struct `Cr2` in the current scope
   --> src/exceptions.rs:246:33
    |
246 |     dprintln!("CR2={:#x}", Cr2::read_raw());
    |                                 ^^^^^^^^ associated function or constant not found in `Cr2`

error[E0599]: no method named `flush` found for struct `MapperFlush<S>` in the current scope
   --> src/pci/mmio.rs:143:36
    |
143 |                 Ok(flush) => flush.flush(),
    |                                    ^^^^^ method not found in `MapperFlush<x86_64::structures::paging::Size4KiB>`
    |
    = help: items from traits can only be used if the trait is implemented and in scope
note: `BlockDevice` defines an item `flush`, perhaps you need to implement it
   --> src/disc/block.rs:117:1
    |
117 | pub trait BlockDevice: Send {
    | ^^^^^^^^^^^^^^^^^^^^^^^^^^^

error[E0599]: no associated function or constant named `read` found for struct `Cr3` in the current scope
   --> src/pci/mmio.rs:165:27
    |
165 |     let (frame, _) = Cr3::read();
    |                           ^^^^ associated function or constant not found in `Cr3`

error[E0599]: no method named `write` found for struct `Msr` in the current scope
   --> src/percpu.rs:164:22
    |
164 |     unsafe { gs_base.write(ptr as u64) };
    |                      ^^^^^ method not found in `Msr`

error[E0599]: no associated function or constant named `new` found for struct `CpuId<R>` in the current scope
   --> src/percpu.rs:218:35
    |
218 |     let cpuid = raw_cpuid::CpuId::new();
    |                                   ^^^ associated function or constant not found in `CpuId<_>`
    |
note: if you're trying to build a new `CpuId<_>` consider using one of the following associated functions:
      CpuId::<R>::with_cpuid_reader
      CpuId::<R>::with_cpuid_fn
   --> /home/t4ce/.cargo/registry/src/index.crates.io-1949cf8c6b5b557f/raw-cpuid-11.6.0/src/lib.rs:338:5
    |
338 |     pub fn with_cpuid_reader(cpuid_fn: R) -> Self {
    |     ^^^^^^^^^^^^^^^^^^^^^^^^^^^^^^^^^^^^^^^^^^^^^
...
354 |     pub fn with_cpuid_fn(cpuid_fn: R) -> Self {
    |     ^^^^^^^^^^^^^^^^^^^^^^^^^^^^^^^^^^^^^^^^^

error[E0599]: no method named `read` found for struct `Msr` in the current scope
   --> src/power/mod.rs:153:57
    |
153 |     let value = unsafe { Msr::new(IA32_MSR_PERF_STATUS).read() };
    |                                                         ^^^^ method not found in `Msr`

error[E0599]: no method named `write` found for struct `Msr` in the current scope
   --> src/power/mod.rs:168:42
    |
168 |     unsafe { Msr::new(IA32_MSR_PERF_CTL).write(value) };
    |                                          ^^^^^ method not found in `Msr`

error[E0599]: no method named `read` found for struct `Msr` in the current scope
   --> src/power/mod.rs:209:63
    |
209 |         let value = unsafe { Msr::new(IA32_MSR_PLATFORM_INFO).read() };
    |                                                               ^^^^ method not found in `Msr`

error[E0599]: no method named `read` found for struct `Msr` in the current scope
   --> src/power/mod.rs:221:65
    |
221 |         let caps = unsafe { Msr::new(IA32_MSR_HWP_CAPABILITIES).read() };
    |                                                                 ^^^^ method not found in `Msr`

error[E0599]: no method named `read` found for struct `Msr` in the current scope
   --> src/rapl.rs:194:60
    |
194 |     let units_raw = unsafe { Msr::new(MSR_RAPL_POWER_UNIT).read() };
    |                                                            ^^^^ method not found in `Msr`

error[E0599]: no method named `read` found for struct `Msr` in the current scope
   --> src/rapl.rs:304:38
    |
304 |     let raw = unsafe { Msr::new(msr).read() } as u32;
    |                                      ^^^^ method not found in `Msr`

error[E0599]: no associated function or constant named `new` found for struct `CpuId<R>` in the current scope
   --> src/turbo.rs:65:24
    |
 65 |     let cpuid = CpuId::new();
    |                        ^^^ associated function or constant not found in `CpuId<_>`
    |
note: if you're trying to build a new `CpuId<_>` consider using one of the following associated functions:
      CpuId::<R>::with_cpuid_reader
      CpuId::<R>::with_cpuid_fn
   --> /home/t4ce/.cargo/registry/src/index.crates.io-1949cf8c6b5b557f/raw-cpuid-11.6.0/src/lib.rs:338:5
    |
338 |     pub fn with_cpuid_reader(cpuid_fn: R) -> Self {
    |     ^^^^^^^^^^^^^^^^^^^^^^^^^^^^^^^^^^^^^^^^^^^^^
...
354 |     pub fn with_cpuid_fn(cpuid_fn: R) -> Self {
    |     ^^^^^^^^^^^^^^^^^^^^^^^^^^^^^^^^^^^^^^^^^

error[E0599]: no method named `read` found for struct `Msr` in the current scope
  --> src/turbo.rs:92:57
   |
92 |     let value = unsafe { Msr::new(MSR_IA32_MISC_ENABLE).read() };
   |                                                         ^^^^ method not found in `Msr`

error[E0599]: no method named `read` found for struct `Msr` in the current scope
   --> src/turbo.rs:122:28
    |
122 |     let cur = unsafe { msr.read() };
    |                            ^^^^ method not found in `Msr`

error[E0599]: no method named `write` found for struct `Msr` in the current scope
   --> src/turbo.rs:128:18
    |
128 |     unsafe { msr.write(want) };
    |                  ^^^^^ method not found in `Msr`

error[E0609]: no field `lapic_id` on type `&&MpInfo`
   --> src/main.rs:184:76
    |
184 | ...mp_resp.cpus().iter().map(|c| c.lapic_id).collect();
    |                                    ^^^^^^^^ unknown field
    |
    = note: available fields are: `processor_id`, `mpidr`

error[E0609]: no field `lapic_id` on type `&&&MpInfo`
   --> src/main.rs:244:23
    |
244 |         .filter(|c| c.lapic_id != percpu::this_cpu().lapic_id())
    |                       ^^^^^^^^ unknown field
    |
    = note: available fields are: `processor_id`, `mpidr`

warning: unused import: `core::fmt::Write`
 --> src/r/../ui2/mod.rs:5:5
  |
5 | use core::fmt::Write;
  |     ^^^^^^^^^^^^^^^^

warning: value assigned to `did_work` is never read
    --> src/gfx/virtio_gpu_3d.rs:2882:25
     |
2882 |                         did_work = true;
     |                         ^^^^^^^^^^^^^^^ this value is reassigned later and never used
...
2887 |                     did_work = true;
     |                     --------------- `did_work` is overwritten here before the previous value is read

warning: value assigned to `saw_moov` is never read
   --> src/intel/xelp_media_mp4.rs:564:9
    |
564 |         saw_moov = true;
    |         ^^^^^^^^^^^^^^^
    |
    = help: maybe it is overwritten before being read?

warning: unused variable: `ptr`
   --> src/net/r8125.rs:214:22
    |
214 |     fn clflush_range(ptr: *const u8, len: usize) {
    |                      ^^^ help: if this is intentional, prefix it with an underscore: `_ptr`
    |
    = note: `#[warn(unused_variables)]` (part of `#[warn(unused)]`) on by default

warning: unused variable: `len`
   --> src/net/r8125.rs:214:38
    |
214 |     fn clflush_range(ptr: *const u8, len: usize) {
    |                                      ^^^ help: if this is intentional, prefix it with an underscore: `_len`

warning: unused variable: `ptr`
  --> src/pci/nvme.rs:60:25
   |
60 | fn nvme_dma_cache_flush(ptr: *const u8, len: usize) {
   |                         ^^^ help: if this is intentional, prefix it with an underscore: `_ptr`

warning: unused variable: `len`
  --> src/pci/nvme.rs:60:41
   |
60 | fn nvme_dma_cache_flush(ptr: *const u8, len: usize) {
   |                                         ^^^ help: if this is intentional, prefix it with an underscore: `_len`

warning: value assigned to `rekick_attempted` is never read
   --> src/pci/nvme.rs:835:21
    |
835 |                     rekick_attempted = true;
    |                     ^^^^^^^^^^^^^^^^^^^^^^^
    |
    = help: maybe it is overwritten before being read?

warning: unreachable pattern
   --> src/r/net/cli/ws.rs:301:21
    |
301 |                     _ => None,
    |                     ^ no value can reach this
    |
note: multiple earlier patterns match some of the same values
   --> src/r/net/cli/ws.rs:301:21
    |
255 |                     WebSocketReceiveMessageType::Text => {
    |                     --------------------------------- matches some of the same values
...
259 |                     WebSocketReceiveMessageType::Binary => None,
    |                     ----------------------------------- matches some of the same values
260 |                     WebSocketReceiveMessageType::Ping => {
    |                     --------------------------------- matches some of the same values
...
278 |                     WebSocketReceiveMessageType::Pong => None,
    |                     --------------------------------- matches some of the same values
...
301 |                     _ => None,
    |                     ^ ...and 2 other patterns collectively make this unreachable
    = note: `#[warn(unreachable_patterns)]` (part of `#[warn(unused)]`) on by default

warning: value assigned to `rx_buf` is never read
   --> src/r/net/srv/wss.rs:192:26
    |
192 |         let mut rx_buf = Vec::new();
    |                          ^^^^^^^^^^ this value is reassigned later and never used
...
206 |                                     rx_buf = extra;
    |                                     ------ `rx_buf` is overwritten here before the previous value is read

warning: unreachable pattern
   --> src/r/net/srv/wss.rs:367:21
    |
367 |                     _ => None,
    |                     ^ no value can reach this
    |
note: multiple earlier patterns match some of the same values
   --> src/r/net/srv/wss.rs:367:21
    |
322 |                     WebSocketReceiveMessageType::Text => {
    |                     --------------------------------- matches some of the same values
...
326 |                     WebSocketReceiveMessageType::Binary => None,
    |                     ----------------------------------- matches some of the same values
327 |                     WebSocketReceiveMessageType::Ping => {
    |                     --------------------------------- matches some of the same values
...
345 |                     WebSocketReceiveMessageType::Pong => None,
    |                     --------------------------------- matches some of the same values
...
367 |                     _ => None,
    |                     ^ ...and 2 other patterns collectively make this unreachable

warning: unused variable: `addr`
   --> src/usb2/crabusb_service.rs:244:28
    |
244 | fn crabusb_dma_cache_flush(addr: NonNull<u8>, size: usize) {
    |                            ^^^^ help: if this is intentional, prefix it with an underscore: `_addr`

warning: unused variable: `size`
   --> src/usb2/crabusb_service.rs:244:47
    |
244 | fn crabusb_dma_cache_flush(addr: NonNull<u8>, size: usize) {
    |                                               ^^^^ help: if this is intentional, prefix it with an underscore: `_size`

Some errors have detailed explanations: E0432, E0433, E0570, E0599, E0609.
For more information about an error, try `rustc --explain E0432`.
warning: `TRUEOS` (bin "TRUEOS") generated 15 warnings
warning: TRUEOS@0.0.2: declared CABI symbol trueos_cabi_shell_qjs_init has no kernel export and will stay unresolved
warning: TRUEOS@0.0.2: declared CABI symbol trueos_cabi_shell_qjs_read has no kernel export and will stay unresolved
warning: TRUEOS@0.0.2: declared CABI symbol trueos_cabi_shell_qjs_read_byte has no kernel export and will stay unresolved
warning: TRUEOS@0.0.2: declared CABI symbol trueos_cabi_shell_qjs_write has no kernel export and will stay unresolved
warning: TRUEOS@0.0.2: declared CABI symbol trueos_cabi_shell_qjs_write_byte has no kernel export and will stay unresolved
error: could not compile `TRUEOS` (bin "TRUEOS") due to 68 previous errors; 15 warnings emitted
make: *** [arm_Makefile:17: arm_kernel] Fehler 101
