Unknown drm_i915_query_item id=5
Unknown DRM_IOCTL_I915_GET_PARAM 1
DRM_SHIM: unhandled core DRM ioctl 0x2D (0xc00c642d)
Unknown drm_i915_query_item id=7
simple_triangle_dump: physical[0] vendor=0x8086 device=0x4680 type=integrated api=0x0040415A driver=0x06800063 name="Intel(R) UHD Graphics 770 (ADL-S GT1)"
simple_triangle_dump: selected vendor=0x8086 device=0x4680 queue_family=0 name="Intel(R) UHD Graphics 770 (ADL-S GT1)"
host-state summary: path=mesa genX_simple_shader trivial-triangle target_vendor=0x8086 target_device=0x4680 target_name="Intel(R) UHD Graphics 770 (ADL-S GT1)"
host-state cc_viewport min_depth=0.0 max_depth=1.0
host-state clip perspective_divide_disable=1
host-state raster cull_mode=none sample_mask=0x1
host-state sbe read_offset=1 read_length=1 num_sf_attrs=0 force_read_offset=1 force_read_length=1 flat_inputs=0 active_components=xyzw
host-state ps vector_mask=0 binding_table_entry_count=0 push_constants=0 dispatch=simd8 max_threads_per_psd=63
host-state ps_extra valid=1 attribute_enable=0 per_sample=0 computed_depth=0 computes_stencil=0
host-state ps_blend has_writeable_rt=1
host-state target format=VK_FORMAT_R8G8B8A8_UNORM extent=64x64 samples=1 topology=triangle_list front_face=ccw polygon=fill cull=none
simple_triangle_dump: pipeline_cache_size=22991
simple_triangle_dump: executable_count=4
simple_triangle_dump: executable[0] stage=vertex name="vertex" desc="SIMD8 vertex shader" subgroup=8
simple_triangle_dump: stat[0][0] name="Instructions" value=364
simple_triangle_dump: stat[0][1] name="Code size" value=5600
simple_triangle_dump: stat[0][2] name="SENDs" value=18
simple_triangle_dump: stat[0][3] name="Loops" value=1
simple_triangle_dump: stat[0][4] name="Cycles" value=22846
simple_triangle_dump: stat[0][5] name="Spills" value=0
simple_triangle_dump: stat[0][6] name="Fills" value=0
simple_triangle_dump: stat[0][7] name="Scratch Memory Size" value=0
simple_triangle_dump: stat[0][8] name="GRF registers" value=0
simple_triangle_dump: stat[0][9] name="Max dispatch width" value=8
simple_triangle_dump: stat[0][10] name="Max live registers" value=55
simple_triangle_dump: stat[0][11] name="Workgroup Memory Size" value=0
simple_triangle_dump: stat[0][12] name="Non SSA regs after NIR" value=73
simple_triangle_dump: stat[0][13] name="Source hash" value=654970600
simple_triangle_dump: rep[0][0] name="TRUEOS HelioC bind map" isText=1 size=226
simple_triangle_dump: rep[0][1] name="TRUEOS HelioC devinfo" isText=1 size=108
simple_triangle_dump: rep[0][2] name="TRUEOS HelioC shader serialize" isText=0 size=6327
simple_triangle_dump: rep[0][3] name="TRUEOS HelioC prog data" isText=0 size=408
simple_triangle_dump: rep[0][4] name="Final NIR" isText=1 size=30807
simple_triangle_dump: rep[0][5] name="GEN Assembly" isText=1 size=41528
simple_triangle_dump: executable[1] stage=fragment name="SIMD8 fragment" desc="SIMD8 fragment shader" subgroup=8
simple_triangle_dump: stat[1][0] name="Instructions" value=122
simple_triangle_dump: stat[1][1] name="Code size" value=1856
simple_triangle_dump: stat[1][2] name="SENDs" value=6
simple_triangle_dump: stat[1][3] name="Loops" value=0
simple_triangle_dump: stat[1][4] name="Cycles" value=1897
simple_triangle_dump: stat[1][5] name="Spills" value=0
simple_triangle_dump: stat[1][6] name="Fills" value=0
simple_triangle_dump: stat[1][7] name="Scratch Memory Size" value=0
simple_triangle_dump: stat[1][8] name="GRF registers" value=0
simple_triangle_dump: stat[1][9] name="Max dispatch width" value=32
simple_triangle_dump: stat[1][10] name="Max live registers" value=27
simple_triangle_dump: stat[1][11] name="Workgroup Memory Size" value=0
simple_triangle_dump: stat[1][12] name="Non SSA regs after NIR" value=19
simple_triangle_dump: stat[1][13] name="Source hash" value=885167342
simple_triangle_dump: rep[1][0] name="TRUEOS HelioC bind map" isText=1 size=394
simple_triangle_dump: rep[1][1] name="TRUEOS HelioC devinfo" isText=1 size=108
simple_triangle_dump: rep[1][2] name="TRUEOS HelioC shader serialize" isText=0 size=7743
simple_triangle_dump: rep[1][3] name="TRUEOS HelioC prog data" isText=0 size=512
simple_triangle_dump: rep[1][4] name="Final NIR" isText=1 size=14611
simple_triangle_dump: rep[1][5] name="GEN Assembly" isText=1 size=12908
simple_triangle_dump: executable[2] stage=fragment name="SIMD16 fragment" desc="SIMD16 fragment shader" subgroup=16
simple_triangle_dump: stat[2][0] name="Instructions" value=126
simple_triangle_dump: stat[2][1] name="Code size" value=1808
simple_triangle_dump: stat[2][2] name="SENDs" value=6
simple_triangle_dump: stat[2][3] name="Loops" value=0
simple_triangle_dump: stat[2][4] name="Cycles" value=2084
simple_triangle_dump: stat[2][5] name="Spills" value=0
simple_triangle_dump: stat[2][6] name="Fills" value=0
simple_triangle_dump: stat[2][7] name="Scratch Memory Size" value=0
simple_triangle_dump: stat[2][8] name="GRF registers" value=0
simple_triangle_dump: stat[2][9] name="Max dispatch width" value=32
simple_triangle_dump: stat[2][10] name="Max live registers" value=48
simple_triangle_dump: stat[2][11] name="Workgroup Memory Size" value=0
simple_triangle_dump: stat[2][12] name="Non SSA regs after NIR" value=19
simple_triangle_dump: stat[2][13] name="Source hash" value=885167342
simple_triangle_dump: rep[2][0] name="TRUEOS HelioC bind map" isText=1 size=394
simple_triangle_dump: rep[2][1] name="TRUEOS HelioC devinfo" isText=1 size=108
simple_triangle_dump: rep[2][2] name="TRUEOS HelioC shader serialize" isText=0 size=7743
simple_triangle_dump: rep[2][3] name="TRUEOS HelioC prog data" isText=0 size=512
simple_triangle_dump: rep[2][4] name="Final NIR" isText=1 size=14611
simple_triangle_dump: rep[2][5] name="GEN Assembly" isText=1 size=13732
simple_triangle_dump: executable[3] stage=fragment name="SIMD32 fragment" desc="SIMD32 fragment shader" subgroup=32
simple_triangle_dump: stat[3][0] name="Instructions" value=213
simple_triangle_dump: stat[3][1] name="Code size" value=3008
simple_triangle_dump: stat[3][2] name="SENDs" value=8
simple_triangle_dump: stat[3][3] name="Loops" value=0
simple_triangle_dump: stat[3][4] name="Cycles" value=3292
simple_triangle_dump: stat[3][5] name="Spills" value=0
simple_triangle_dump: stat[3][6] name="Fills" value=0
simple_triangle_dump: stat[3][7] name="Scratch Memory Size" value=0
simple_triangle_dump: stat[3][8] name="GRF registers" value=0
simple_triangle_dump: stat[3][9] name="Max dispatch width" value=32
simple_triangle_dump: stat[3][10] name="Max live registers" value=88
simple_triangle_dump: stat[3][11] name="Workgroup Memory Size" value=0
simple_triangle_dump: stat[3][12] name="Non SSA regs after NIR" value=22
simple_triangle_dump: stat[3][13] name="Source hash" value=885167342
simple_triangle_dump: rep[3][0] name="TRUEOS HelioC bind map" isText=1 size=394
simple_triangle_dump: rep[3][1] name="TRUEOS HelioC devinfo" isText=1 size=108
simple_triangle_dump: rep[3][2] name="TRUEOS HelioC shader serialize" isText=0 size=7743
simple_triangle_dump: rep[3][3] name="TRUEOS HelioC prog data" isText=0 size=512
simple_triangle_dump: rep[3][4] name="Final NIR" isText=1 size=14611
simple_triangle_dump: rep[3][5] name="GEN Assembly" isText=1 size=22399
helio_pipeline_dump: compiled_only=1
