GowinSynthesis start
Running parser ...
Analyzing Verilog file '/home/t4ce/Programmme/Gowin/IDE/ipcore/SERDES_IP/IPlib/PCIE/data/pcie_controller_encrypt.v'
Analyzing included file 'define.vh'("/home/t4ce/Programmme/Gowin/IDE/ipcore/SERDES_IP/IPlib/PCIE/data/pcie_controller_encrypt.v":399)
Back to file '/home/t4ce/Programmme/Gowin/IDE/ipcore/SERDES_IP/IPlib/PCIE/data/pcie_controller_encrypt.v'("/home/t4ce/Programmme/Gowin/IDE/ipcore/SERDES_IP/IPlib/PCIE/data/pcie_controller_encrypt.v":399)
Analyzing included file '/home/t4ce/Programmme/Gowin/IDE/ipcore/SERDES_IP/IPlib/PCIE/data/static_macro_define.vh'("/home/t4ce/Programmme/Gowin/IDE/ipcore/SERDES_IP/IPlib/PCIE/data/pcie_controller_encrypt.v":399)
Back to file '/home/t4ce/Programmme/Gowin/IDE/ipcore/SERDES_IP/IPlib/PCIE/data/pcie_controller_encrypt.v'("/home/t4ce/Programmme/Gowin/IDE/ipcore/SERDES_IP/IPlib/PCIE/data/pcie_controller_encrypt.v":399)
Analyzing Verilog file '/home/t4ce/Programmme/Gowin/IDE/ipcore/SERDES_IP/IPlib/PCIE/data/pcie_controller_top.v'
Analyzing included file 'define.vh'("/home/t4ce/Programmme/Gowin/IDE/ipcore/SERDES_IP/IPlib/PCIE/data/pcie_controller_top.v":1)
Back to file '/home/t4ce/Programmme/Gowin/IDE/ipcore/SERDES_IP/IPlib/PCIE/data/pcie_controller_top.v'("/home/t4ce/Programmme/Gowin/IDE/ipcore/SERDES_IP/IPlib/PCIE/data/pcie_controller_top.v":1)
Analyzing included file '/home/t4ce/Programmme/Gowin/IDE/ipcore/SERDES_IP/IPlib/PCIE/data/static_macro_define.vh'("/home/t4ce/Programmme/Gowin/IDE/ipcore/SERDES_IP/IPlib/PCIE/data/pcie_controller_top.v":2)
Back to file '/home/t4ce/Programmme/Gowin/IDE/ipcore/SERDES_IP/IPlib/PCIE/data/pcie_controller_top.v'("/home/t4ce/Programmme/Gowin/IDE/ipcore/SERDES_IP/IPlib/PCIE/data/pcie_controller_top.v":2)
Compiling module 'PCIE_Controller_Top'("/home/t4ce/Programmme/Gowin/IDE/ipcore/SERDES_IP/IPlib/PCIE/data/pcie_controller_top.v":4)
Compiling module '**'("/home/t4ce/Programmme/Gowin/IDE/ipcore/SERDES_IP/IPlib/PCIE/data/pcie_controller_encrypt.v":399)
WARN  (EX3791) : Expression size ** truncated to fit in target size **("/home/t4ce/Programmme/Gowin/IDE/ipcore/SERDES_IP/IPlib/PCIE/data/pcie_controller_encrypt.v":399)
NOTE  (EX0101) : Current top module is "PCIE_Controller_Top"
[5%] Running netlist conversion ...
WARN  (CV0020) : Input pcie_pl_test_out_i[31:5] is unused("/home/t4ce/Programmme/Gowin/IDE/ipcore/SERDES_IP/IPlib/PCIE/data/pcie_controller_top.v":175)
WARN  (CV0016) : Input fabric_pl_rate_h is unused("/home/t4ce/Programmme/Gowin/IDE/ipcore/SERDES_IP/IPlib/PCIE/data/pcie_controller_top.v":194)
Running device independent optimization ...
[10%] Optimizing Phase 0 completed
[15%] Optimizing Phase 1 completed
[25%] Optimizing Phase 2 completed
Running inference ...
[30%] Inferring Phase 0 completed
[40%] Inferring Phase 1 completed
[50%] Inferring Phase 2 completed
[55%] Inferring Phase 3 completed
Running technical mapping ...
[60%] Tech-Mapping Phase 0 completed
[65%] Tech-Mapping Phase 1 completed
[75%] Tech-Mapping Phase 2 completed
[80%] Tech-Mapping Phase 3 completed
[90%] Tech-Mapping Phase 4 completed
[95%] Generate netlist file "/home/t4ce/REPOS/TRUEOS/crates/trueos-fpga-abi/truega/src/serdes/pcie_controller/temp/pcie/pcie_controller_msi.vg" completed
Generate template file "/home/t4ce/REPOS/TRUEOS/crates/trueos-fpga-abi/truega/src/serdes/pcie_controller/temp/pcie/pcie_controller_msi_tmp.v" completed
[100%] Generate report file "/home/t4ce/REPOS/TRUEOS/crates/trueos-fpga-abi/truega/src/serdes/pcie_controller/temp/pcie/pcie_controller_msi_syn.rpt.html" completed
GowinSynthesis finish
